// Jest Snapshot v1, https://goo.gl/fbAQLP

exports[`<CalendarBody /> should render correctly 1`] = `
<div
  className="calendar__body"
>
  <DayView
    current={"2018-12-01T00:00:00.000Z"}
    locale="en-ca"
    onClick={[Function]}
    viewMode={2}
  />
</div>
`;
